15:41:40 **** Build of configuration Debug for project SynthTbSoftware ****
make pre-build main-build 
a9-linaro-pre-build-step
' '
'Building file: ../src/modules/cdma.c'
'Invoking: ARM v7 gcc compiler'
arm-none-eabi-gcc -Wall -O0 -g3 -c -fmessage-length=0 -MT"src/modules/cdma.o" -mcpu=cortex-a9 -mfpu=vfpv3 -mfloat-abi=hard -I../../SynthTbSoftware_bsp/ps7_cortexa9_0/include -MMD -MP -MF"src/modules/cdma.d" -MT"src/modules/cdma.o" -o "src/modules/cdma.o" "../src/modules/cdma.c"
../src/modules/cdma.c: In function 'SetupIntrSystem':
../src/modules/cdma.c:130:51: warning: passing argument 2 of 'XScuGic_CfgInitialize' from incompatible pointer type [-Wincompatible-pointer-types]
  Status = XScuGic_CfgInitialize(&IntcInstancePtr, &IntcConfig,
                                                   ^
In file included from ../src/modules/cdma.h:20:0,
                 from ../src/modules/cdma.c:11:
../../SynthTbSoftware_bsp/ps7_cortexa9_0/include/xscugic.h:334:6: note: expected 'XScuGic_Config * {aka struct <anonymous> *}' but argument is of type 'XScuGic_Config ** {aka struct <anonymous> **}'
 s32  XScuGic_CfgInitialize(XScuGic *InstancePtr, XScuGic_Config *ConfigPtr,
      ^~~~~~~~~~~~~~~~~~~~~
'Finished building: ../src/modules/cdma.c'
' '
'Building file: ../src/modules/resetDUT.c'
'Invoking: ARM v7 gcc compiler'
arm-none-eabi-gcc -Wall -O0 -g3 -c -fmessage-length=0 -MT"src/modules/resetDUT.o" -mcpu=cortex-a9 -mfpu=vfpv3 -mfloat-abi=hard -I../../SynthTbSoftware_bsp/ps7_cortexa9_0/include -MMD -MP -MF"src/modules/resetDUT.d" -MT"src/modules/resetDUT.o" -o "src/modules/resetDUT.o" "../src/modules/resetDUT.c"
'Finished building: ../src/modules/resetDUT.c'
' '
'Building file: ../src/helloworld.c'
'Invoking: ARM v7 gcc compiler'
arm-none-eabi-gcc -Wall -O0 -g3 -c -fmessage-length=0 -MT"src/helloworld.o" -mcpu=cortex-a9 -mfpu=vfpv3 -mfloat-abi=hard -I../../SynthTbSoftware_bsp/ps7_cortexa9_0/include -MMD -MP -MF"src/helloworld.d" -MT"src/helloworld.o" -o "src/helloworld.o" "../src/helloworld.c"
'Finished building: ../src/helloworld.c'
' '
'Building file: ../src/platform.c'
'Invoking: ARM v7 gcc compiler'
arm-none-eabi-gcc -Wall -O0 -g3 -c -fmessage-length=0 -MT"src/platform.o" -mcpu=cortex-a9 -mfpu=vfpv3 -mfloat-abi=hard -I../../SynthTbSoftware_bsp/ps7_cortexa9_0/include -MMD -MP -MF"src/platform.d" -MT"src/platform.o" -o "src/platform.o" "../src/platform.c"
'Finished building: ../src/platform.c'
' '
'Building target: SynthTbSoftware.elf'
'Invoking: ARM v7 gcc linker'
arm-none-eabi-gcc -mcpu=cortex-a9 -mfpu=vfpv3 -mfloat-abi=hard -Wl,-build-id=none -specs=Xilinx.spec -Wl,-T -Wl,../src/lscript.ld -L../../SynthTbSoftware_bsp/ps7_cortexa9_0/lib -o "SynthTbSoftware.elf"  ./src/modules/cdma.o ./src/modules/resetDUT.o  ./src/helloworld.o ./src/platform.o   -Wl,--start-group,-lxil,-lgcc,-lc,--end-group
'Finished building target: SynthTbSoftware.elf'
' '
'Invoking: ARM v7 Print Size'
arm-none-eabi-size SynthTbSoftware.elf  |tee "SynthTbSoftware.elf.size"
   text	   data	    bss	    dec	    hex	filename
  53794	   3000	  39456	  96250	  177fa	SynthTbSoftware.elf
'Finished building: SynthTbSoftware.elf.size'
' '

15:41:41 Build Finished (took 1s.242ms)

