15:59:16 **** Build of configuration Debug for project uControler ****
make pre-build main-build 
a9-linaro-pre-build-step
' '
'Building file: ../src/CDMACtr.c'
'Invoking: ARM v7 gcc compiler'
arm-none-eabi-gcc -Wall -O0 -g3 -c -fmessage-length=0 -MT"src/CDMACtr.o" -mcpu=cortex-a9 -mfpu=vfpv3 -mfloat-abi=hard -I../../uControler_bsp/ps7_cortexa9_0/include -MMD -MP -MF"src/CDMACtr.d" -MT"src/CDMACtr.o" -o "src/CDMACtr.o" "../src/CDMACtr.c"
../src/CDMACtr.c:381:13: warning: 'DisableIntrSystem' defined but not used [-Wunused-function]
 static void DisableIntrSystem(XScuGic *IntcInstancePtr, u32 IntrId)
             ^~~~~~~~~~~~~~~~~
'Finished building: ../src/CDMACtr.c'
' '
'Building file: ../src/Gpio.c'
'Invoking: ARM v7 gcc compiler'
arm-none-eabi-gcc -Wall -O0 -g3 -c -fmessage-length=0 -MT"src/Gpio.o" -mcpu=cortex-a9 -mfpu=vfpv3 -mfloat-abi=hard -I../../uControler_bsp/ps7_cortexa9_0/include -MMD -MP -MF"src/Gpio.d" -MT"src/Gpio.o" -o "src/Gpio.o" "../src/Gpio.c"
'Finished building: ../src/Gpio.c'
' '
'Building file: ../src/start.c'
'Invoking: ARM v7 gcc compiler'
arm-none-eabi-gcc -Wall -O0 -g3 -c -fmessage-length=0 -MT"src/start.o" -mcpu=cortex-a9 -mfpu=vfpv3 -mfloat-abi=hard -I../../uControler_bsp/ps7_cortexa9_0/include -MMD -MP -MF"src/start.d" -MT"src/start.o" -o "src/start.o" "../src/start.c"
../src/start.c: In function 'main':
../src/start.c:119:6: warning: unused variable 'buffermaxsize' [-Wunused-variable]
  int buffermaxsize = ptr[1];
      ^~~~~~~~~~~~~
'Finished building: ../src/start.c'
' '
'Building target: uControler.elf'
'Invoking: ARM v7 gcc linker'
arm-none-eabi-gcc -mcpu=cortex-a9 -mfpu=vfpv3 -mfloat-abi=hard -Wl,-build-id=none -specs=Xilinx.spec -Wl,-T -Wl,../src/lscript.ld -L../../uControler_bsp/ps7_cortexa9_0/lib -o "uControler.elf"  ./src/tb/tvRV32I.o  ./src/CDMACtr.o ./src/Gpio.o ./src/start.o ./src/tbInclusion.o   -Wl,--start-group,-lxil,-lgcc,-lc,--end-group
'Finished building target: uControler.elf'
' '
'Invoking: ARM v7 Print Size'
arm-none-eabi-size uControler.elf  |tee "uControler.elf.size"
   text	   data	    bss	    dec	    hex	filename
  54780	   1960	  31264	  88004	  157c4	uControler.elf
'Finished building: uControler.elf.size'
' '

15:59:17 Build Finished (took 864ms)

